// Jest Snapshot v1, https://goo.gl/fbAQLP

exports[`Header tall should render the Header tall 1`] = `
.c0 {
  background-color: #ffffff;
  margin: 0 auto;
  max-width: 1800px;
  height: 108px;
  border-bottom: 50px solid #F5F5F5;
}

.c1 {
  display: -webkit-box;
  display: -webkit-flex;
  display: -ms-flexbox;
  display: flex;
  -webkit-flex-wrap: wrap;
  -ms-flex-wrap: wrap;
  flex-wrap: wrap;
  min-height: 158px;
  background-color: #ffffff;
  margin: 0 auto;
  max-width: 1600px;
}

.c1 > :first-child {
  height: 108px;
  width: 100%;
}

.c1 > :nth-child(2) {
  height: 50px;
  -webkit-box-flex: 1;
  -webkit-flex-grow: 1;
  -ms-flex-positive: 1;
  flex-grow: 1;
  background-color: #F5F5F5;
}

.c1 > :nth-child(3) {
  height: 50px;
  min-width: 100px;
  background-color: #F5F5F5;
}

.c4 {
  overflow: hidden;
}

.c2 {
  color: #000;
  -webkit-text-decoration: none;
  text-decoration: none;
}

.c2 > h1 {
  display: -webkit-box;
  display: -webkit-flex;
  display: -ms-flexbox;
  display: flex;
  height: 100%;
  margin: 0;
  font-family: 'AvenirNextLTW01-Demi';
  font-weight: normal;
}

.c2 > h1 > div > span {
  display: inline-block;
}

.c2 > h1 > div > span {
  margin-top: 2px;
  line-height: 68px;
  font-size: 30px;
}

.c3 {
  display: inline-block;
  min-height: 108px;
  padding: 20px 40px 20px 15px;
}

.c3 > svg {
  height: 68px;
  width: 100px;
}

@media screen and (max-width:1024px) {
  .c0 {
    display: none;
  }
}

@media screen and (max-width:768px) {
  .c4 {
    width: 50px;
  }
}

@media screen and (min-width:768.02px) {
  .c4 {
    -webkit-box-flex: 1;
    -webkit-flex-grow: 1;
    -ms-flex-positive: 1;
    flex-grow: 1;
  }
}

@media screen and (max-width:1024px) {
  .c5 {
    width: 50px;
  }
}

<div
  class="c0"
>
  <div
    class="c1"
  >
    <a
      class="c2"
      href="http://data.amsterdam.nl"
    />
    <h1>
      <a
        class="c2"
        href="http://data.amsterdam.nl"
      />
      <a
        class="c3"
        href="http://data.amsterdam.nl"
      >
        SVG_MOCK
      </a>
      <div>
        <span>
          Data en informatie
        </span>
      </div>
    </h1>
    <div
      class="c4"
    >
      <div>
         Search 
      </div>
    </div>
    <div
      class="c5"
    >
      <div>
         M 
      </div>
    </div>
  </div>
</div>
`;
