// Jest Snapshot v1, https://goo.gl/fbAQLP

exports[`Publication should render 1`] = `
.c0 {
  width: 100%;
  color: #323232;
  background-color: #ffffff;
  margin-top: 20px;
  margin-bottom: 20px;
}

.c0 .c1 {
  max-height: 560px;
  min-height: 250px;
}

@media screen and (min-width:768.02px) {
  .c0 {
    margin-top: 54px;
    margin-bottom: 70px;
  }
}

<section
  class="c0"
>
  This is the publication content
</section>
`;
