// Jest Snapshot v1, https://goo.gl/fbAQLP

exports[`IconButton should render the IconButton 1`] = `
<StyledComponent
  forwardedComponent={
    Object {
      "$$typeof": Symbol(react.forward_ref),
      "attrs": Array [],
      "componentStyle": ComponentStyle {
        "componentId": "sc-htpNat",
        "isStatic": false,
        "rules": Array [
          "
  display: inline-flex;
  align-items: center;
  text-decoration: none;
  border: none;
  cursor: pointer;
  font-size: 16px;
  font-weight: 500;
  line-height: 20px;
  padding: ",
          [Function],
          ";
  ",
          [Function],
          "
  ",
          [Function],
          "
  ",
          "transition: color 0.1s ease-in-out, background-color 0.1s ease-in-out;",
          "
  ",
          [Function],
          "
  ",
          "
  &::after {
    content: '';
    display: block;
    min-height: inherit;
    font-size: 0;
  }
",
          " // ie fix
  &:disabled {
    cursor: default;
    outline: none;
    border: none;
    color: ",
          [Function],
          ";
    background-color: ",
          [Function],
          ";
    ",
          [Function],
          ";
  }
",
          "
  border: none;
  outline: none;
  padding: 0;

  ",
          ".sc-bdVaJa",
          " {
    ",
          [Function],
          "
  }
",
        ],
      },
      "displayName": "Styled(styled.button)",
      "foldedComponentIds": Array [
        "sc-bwzfXH",
      ],
      "render": [Function],
      "styledComponentId": "sc-htpNat",
      "target": "button",
      "toString": [Function],
      "warnTooManyClasses": [Function],
      "withComponent": [Function],
    }
  }
  forwardedRef={null}
  onClick={[MockFunction]}
  square={true}
  variant="blank"
>
  <Icon>
    icon-content
  </Icon>
</StyledComponent>
`;
