// Jest Snapshot v1, https://goo.gl/fbAQLP

exports[`Input component structure should render 1`] = `
<input
  autocapitalize="off"
  autocomplete="off"
  autocorrect="off"
  class="bianDr"
  id="id"
  spellcheck="false"
  type="text"
  value="test-value"
/>
`;
