// Jest Snapshot v1, https://goo.gl/fbAQLP

exports[`Icon should render the icon 1`] = `
.c0 {
  display: -webkit-inline-box;
  display: -webkit-inline-flex;
  display: -ms-inline-flexbox;
  display: inline-flex;
  width: 16px;
  height: 16px;
  padding: 4px;
  box-sizing: content-box;
  -webkit-transform: rotate(0deg);
  -ms-transform: rotate(0deg);
  transform: rotate(0deg);
}

.c0 > svg {
  width: 16px;
  height: 16px;
}

<span
  class="c0"
  size="24"
>
  icon-content
</span>
`;
