// Jest Snapshot v1, https://goo.gl/fbAQLP

exports[`DocumentCover should render 1`] = `
.c0 {
  display: -webkit-box;
  display: -webkit-flex;
  display: -ms-flexbox;
  display: flex;
  -webkit-box-pack: center;
  -webkit-justify-content: center;
  -ms-flex-pack: center;
  justify-content: center;
  width: 100%;
  margin-bottom: 20px;
  background-color: #F5F5F5;
}

.c5 {
  display: -webkit-box;
  display: -webkit-flex;
  display: -ms-flexbox;
  display: flex;
  width: 20px;
  height: 20px;
  box-sizing: content-box;
  -webkit-transform: rotate(0deg);
  -ms-transform: rotate(0deg);
  transform: rotate(0deg);
}

.c5 > svg {
  width: inherit;
  height: inherit;
}

.c5 > svg rect,
.c5 > svg polygon,
.c5 > svg path {
  fill: #ffffff;
}

.c3 {
  display: -webkit-inline-box;
  display: -webkit-inline-flex;
  display: -ms-inline-flexbox;
  display: inline-flex;
  -webkit-align-items: center;
  -webkit-box-align: center;
  -ms-flex-align: center;
  align-items: center;
  -webkit-text-decoration: none;
  text-decoration: none;
  border: none;
  cursor: pointer;
  font-size: 16px;
  font-weight: normal;
  padding: 0 10px 0 10px;
  -webkit-transition: color 0.1s ease-in-out,background-color 0.1s ease-in-out;
  transition: color 0.1s ease-in-out,background-color 0.1s ease-in-out;
  background: #004699;
  display: -webkit-box;
  display: -webkit-flex;
  display: -ms-flexbox;
  display: flex;
  -webkit-box-pack: center;
  -webkit-justify-content: center;
  -ms-flex-pack: center;
  justify-content: center;
  padding: 4px 10px 4px 10px;
  min-height: 36px;
  line-height: 1em;
  color: #fff;
}

.c3:focus {
  z-index: 10;
  outline-color: #FEC813;
  outline-style: solid;
  outline-offset: 0px;
  outline-width: 3px;
}

.c3:hover {
  background: #00387a;
}

.c3:after {
  content: '';
  display: block;
  min-height: inherit;
  font-size: 0;
}

.c3 > .c4:first-child {
  margin-right: 5px;
}

.c3 > .c4:last-child {
  margin-left: 5px;
}

.c1 {
  display: -webkit-box;
  display: -webkit-flex;
  display: -ms-flexbox;
  display: flex;
  -webkit-flex-direction: column;
  -ms-flex-direction: column;
  flex-direction: column;
  margin: 32px auto;
}

.c1 > .c2 {
  max-width: 300px;
  margin-bottom: 32px;
  width: 100%;
}

.c6 {
  margin-top: 0;
  margin-right: 0;
  margin-bottom: 0;
  margin-left: 0;
  color: #000000;
  font-weight: 400;
  font-size: 14px;
  -webkit-letter-spacing: inherit;
  -moz-letter-spacing: inherit;
  -ms-letter-spacing: inherit;
  letter-spacing: inherit;
  line-height: 18px;
  margin-bottom: 0;
  font-stretch: normal;
  -webkit-letter-spacing: normal;
  -moz-letter-spacing: normal;
  -ms-letter-spacing: normal;
  letter-spacing: normal;
  color: #ffffff;
}

@media screen and (max-width:540px) {
  .c1 {
    margin: 20px;
  }
}

@media screen and (max-width:540px) {
  .c1 > .c2 {
    max-width: 200px;
    margin-bottom: 20px;
  }
}

<div
  class="c0"
>
  <div
    class="c1"
  >
    <img
      alt=""
      class="c2 "
      src="https://data.amsterdam.nl/assets/images/amsterdam-maps.png"
    />
    <button
      class="c3"
      color="primary"
    >
      <span
        class="c4 c5"
        color="bright"
        size="20"
      >
        <svg
          focusable="false"
          viewBox="0 0 32 32"
        >
          <path
            d="M0 27.996h32V32H0v-4.004zm22.36-13.983l2.83 2.823L16 26.044l-9.19-9.208 2.83-2.823L14 18.377V0h4v18.377l4.36-4.364z"
          />
        </svg>
      </span>
      <span
        class="c6"
        color="bright"
      >
        Download PDF (12MB)
      </span>
    </button>
  </div>
</div>
`;
