// Jest Snapshot v1, https://goo.gl/fbAQLP

exports[`Toggle should render 1`] = `
.c0 {
  display: -webkit-box;
  display: -webkit-flex;
  display: -ms-flexbox;
  display: flex;
  -webkit-flex-direction: column;
  -ms-flex-direction: column;
  flex-direction: column;
  -webkit-align-items: flex-end;
  -webkit-box-align: flex-end;
  -ms-flex-align: flex-end;
  align-items: flex-end;
}

.c2 {
  display: -webkit-box;
  display: -webkit-flex;
  display: -ms-flexbox;
  display: flex;
  width: 20px;
  height: 20px;
  box-sizing: content-box;
  -webkit-transform: rotate(0deg);
  -ms-transform: rotate(0deg);
  transform: rotate(0deg);
}

.c2 > svg {
  width: inherit;
  height: inherit;
}

.c1 {
  display: -webkit-inline-box;
  display: -webkit-inline-flex;
  display: -ms-inline-flexbox;
  display: inline-flex;
  -webkit-align-items: center;
  -webkit-box-align: center;
  -ms-flex-align: center;
  align-items: center;
  -webkit-text-decoration: none;
  text-decoration: none;
  border: none;
  cursor: pointer;
  font-size: 16px;
  font-weight: 500;
  line-height: 20px;
  padding: 0;
  display: -webkit-box;
  display: -webkit-flex;
  display: -ms-flexbox;
  display: flex;
  -webkit-align-items: center;
  -webkit-box-align: center;
  -ms-flex-align: center;
  align-items: center;
  -webkit-box-pack: center;
  -webkit-justify-content: center;
  -ms-flex-pack: center;
  justify-content: center;
  height: 50px;
  width: 50px;
  -webkit-transition: color 0.1s ease-in-out,background-color 0.1s ease-in-out;
  transition: color 0.1s ease-in-out,background-color 0.1s ease-in-out;
}

.c1:focus {
  z-index: 10;
  outline-style: solid;
  outline-offset: 0px;
  outline-width: 3px;
}

.c1::after {
  content: '';
  display: block;
  min-height: inherit;
  font-size: 0;
}

.c1:disabled {
  cursor: default;
  outline: none;
  border: none;
}

<div
  class="c0"
>
  <button
    class="c1"
    size="50"
  >
    <span
      class="c2"
    >
      <svg
        focusable="false"
        viewBox="0 0 32 32"
      >
        <path
          d="M0 3.238h32V7.81H0V3.238zm0 10.476h32v4.572H0v-4.572zM0 24.19h32v4.572H0V24.19z"
          fill-rule="evenodd"
        />
      </svg>
    </span>
  </button>
  <div
    aria-hidden="true"
    id="child"
  >
    Foo
  </div>
</div>
`;
