// Jest Snapshot v1, https://goo.gl/fbAQLP

exports[`ColumnStyle should set push values 1`] = `
.c0 {
  box-sizing: border-box;
  margin: 0 auto;
  display: -webkit-box;
  display: -webkit-flex;
  display: -ms-flexbox;
  display: flex;
  -webkit-box-pack: justify;
  -webkit-justify-content: space-between;
  -ms-flex-pack: justify;
  justify-content: space-between;
  -webkit-align-items: stretch;
  -webkit-box-align: stretch;
  -ms-flex-align: stretch;
  align-items: stretch;
  max-width: 1920px;
  -webkit-flex-wrap: wrap;
  -ms-flex-wrap: wrap;
  flex-wrap: wrap;
}

.c0 .layout-label {
  position: absolute;
  top: -20px;
  width: 100%;
}

.c0 .layout-label::before {
  position: absolute;
  padding: 2px 4px;
  font: 12px sans-serif;
  background: white;
  height: 20px;
}

.c1 {
  box-sizing: border-box;
  width: 100%;
  display: -webkit-box;
  display: -webkit-flex;
  display: -ms-flexbox;
  display: flex;
  -webkit-box-pack: justify;
  -webkit-justify-content: space-between;
  -ms-flex-pack: justify;
  justify-content: space-between;
  -webkit-order: 0;
  -ms-flex-order: 0;
  order: 0;
}

@media (min-width:2000px) {
  .c0 {
    padding-left: 60px;
    padding-right: 60px;
  }
}

@media (min-width:1000px) and (max-width:1999px) {
  .c0 {
    padding-left: 40px;
    padding-right: 40px;
  }
}

@media (min-width:500px) and (max-width:999px) {
  .c0 {
    padding-left: 20px;
    padding-right: 20px;
  }
}

@media (min-width:2000px) {
  .c1 {
    margin-left: calc((((100% - 578px) / 18) * 2) + 34px + 34px);
    max-width: calc((((100% - 578px) / 18) * 4) + 102px + 0px);
  }
}

@media (min-width:1000px) and (max-width:1999px) {
  .c1 {
    margin-left: calc((((100% - 264px) / 12) * 2) + 24px + 24px);
    max-width: calc((((100% - 264px) / 12) * 4) + 72px + 0px);
  }
}

@media (min-width:500px) and (max-width:999px) {
  .c1 {
    margin-left: calc((((100% - 140px) / 8) * 2) + 20px + 20px);
    max-width: calc((((100% - 140px) / 8) * 4) + 60px + 0px);
  }
}

@media (max-width:499px) {
  .c1 {
    max-width: 100%;
  }
}

<div
  class="c0"
>
  <div
    class="c1"
    data-testid="span4"
  >
    <span>
      Another child
    </span>
  </div>
</div>
`;
