// Jest Snapshot v1, https://goo.gl/fbAQLP

exports[`FooterContent should render 1`] = `
.c0 {
  display: -webkit-box;
  display: -webkit-flex;
  display: -ms-flexbox;
  display: flex;
  -webkit-flex-direction: column;
  -ms-flex-direction: column;
  flex-direction: column;
  margin-left: 0;
}

<div
  class="c0"
>
  FooterContent
</div>
`;
