// Jest Snapshot v1, https://goo.gl/fbAQLP

exports[`BreakpointHOC should create a button with media queries 1`] = `
@media screen and (min-width:300px) {
  .c0 {
    display: none;
  }
}

@media screen and (max-width:900px) {
  .c0 {
    display: none;
  }
}

<div
  class="c0"
>
  <button
    type="button"
  >
    Test
  </button>
</div>
`;
