// Jest Snapshot v1, https://goo.gl/fbAQLP

exports[`BackgroundImage should render 1`] = `
.c0 {
  width: 100%;
  background-image: url(http://the-image-path);
  background-repeat: no-repeat;
  background-position: center;
  background-size: auto;
}

.c0::after {
  clear: both;
  content: "";
  display: table;
}

<div
  class="c0"
/>
`;
