// Jest Snapshot v1, https://goo.gl/fbAQLP

exports[`Checkbox should render 1`] = `
.c3 {
  top: 0;
  left: 0;
  width: 100%;
  cursor: inherit;
  height: 100%;
  margin: 0;
  opacity: 0;
  padding: 0;
  position: absolute;
}

.c2 {
  display: -webkit-box;
  display: -webkit-flex;
  display: -ms-flexbox;
  display: flex;
  width: 15px;
  height: 15px;
  box-sizing: content-box;
  -webkit-transform: rotate(0deg);
  -ms-transform: rotate(0deg);
  transform: rotate(0deg);
  display: -webkit-box;
  display: -webkit-flex;
  display: -ms-flexbox;
  display: flex;
  border-width: 1px;
  border-style: solid;
  width: 22px;
  height: 22px;
  position: relative;
  -webkit-box-pack: center;
  -webkit-justify-content: center;
  -ms-flex-pack: center;
  justify-content: center;
  -webkit-align-items: center;
  -webkit-box-align: center;
  -ms-flex-align: center;
  align-items: center;
  -webkit-transition: background-color 0.2s ease-in-out;
  transition: background-color 0.2s ease-in-out;
}

.c2 > svg {
  width: 15px;
  height: 15px;
}

.c0 {
  position: relative;
  display: -webkit-inline-box;
  display: -webkit-inline-flex;
  display: -ms-inline-flexbox;
  display: inline-flex;
  -webkit-user-select: none;
  -moz-user-select: none;
  -ms-user-select: none;
  user-select: none;
  vertical-align: middle;
  margin-bottom: 1px;
  padding: 6px;
  -webkit-flex-shrink: 0;
  -ms-flex-negative: 0;
  flex-shrink: 0;
  color: #767676;
}

.c0:hover {
  color: #000000;
}

.c0:hover .c1 {
  outline-style: solid;
  outline-width: 1px;
}

.c0.c0:focus {
  outline-color: #FEC813;
  outline-style: solid;
  outline-offset: 0px;
  outline-width: 3px;
}

<div>
  <div
    class="c0"
  >
    <span
      class="c1 c2"
      size="15"
    />
    <input
      class="c3"
      type="checkbox"
    />
  </div>
</div>
`;
