// Jest Snapshot v1, https://goo.gl/fbAQLP

exports[`Selection should render 1`] = `
<Fragment>
  <styled.button
    id="foo"
    onBlur={[Function]}
    onClick={[Function]}
  >
    <span>
      Click on me
    </span>
    <styled.span
      inline={true}
    >
      <Component />
    </styled.span>
  </styled.button>
  <styled.div
    aria-activedescendant="listbox1-1"
    aria-hidden={true}
    id="foo"
  >
    <styled.button
      aria-selected="true"
      className="selected"
      id="listbox1-1"
    >
      Green
    </styled.button>
    <styled.button
      id="listbox1-2"
    >
      Orange
    </styled.button>
  </styled.div>
</Fragment>
`;
