// Jest Snapshot v1, https://goo.gl/fbAQLP

exports[`Select should render 1`] = `
.c4 {
  position: absolute;
  display: block;
  width: 12px;
  height: 12px;
  top: calc(50% - 6px);
  right: 12px;
}

.c2 {
  position: relative;
  height: 40px;
  width: 100%;
}

.c3 {
  width: 100%;
  height: 100%;
  padding: 0 12px;
  font-size: 1rem;
  border: 0;
  border-radius: 0;
  background-color: #ffffff;
  -webkit-appearance: none;
  -moz-appearance: none;
  appearance: none;
  cursor: pointer;
  box-shadow: inset 0 0 0 1px #767676;
}

.c3::-ms-expand {
  display: none;
}

.c3::-ms-value {
  color: black;
  background: transparent;
}

.c3:-moz-focusring {
  color: transparent;
  text-shadow: 0 0 0 #000000;
}

.c3:hover {
  box-shadow: inset 0 0 0 1px #000000;
}

.c3:focus {
  outline-color: #FEC813;
  outline-style: solid;
  outline-offset: 0px;
  outline-width: 2px;
}

.c3:disabled {
  pointer-events: none;
  opacity: 0.5;
  box-shadow: inset 0 0 0 1px #B4B4B4;
}

.c0 {
  display: -webkit-inline-box;
  display: -webkit-inline-flex;
  display: -ms-inline-flexbox;
  display: inline-flex;
  -webkit-align-items: center;
  -webkit-box-align: center;
  -ms-flex-align: center;
  align-items: center;
  vertical-align: middle;
  color: #000000;
  cursor: pointer;
}

.c0 .c5 {
  padding-right: 12px;
}

.c1 {
  margin: 9.2px 0;
  -webkit-order: 1;
  -ms-flex-order: 1;
  order: 1;
}

<div>
  <label
    class="c0"
    for="select-1"
    id="label-1"
  >
    <span
      class="c1"
    >
      Select 1
    </span>
    <div
      class="c2"
    >
      <select
        class="c3"
        id="select-1"
      >
        <option
          value="1"
        >
          Option 1
        </option>
        <option
          value="2"
        >
          Option 2
        </option>
        <option
          value="3"
        >
          Option 3
        </option>
        <option
          value="4"
        >
          Option 4
        </option>
      </select>
      <svg
        class="c4"
        focusable="false"
        viewBox="0 0 32 32"
      >
        <path
          d="M16 25.757l-16-16 2.91-2.9L16 19.937l13.09-13.08 2.91 2.9z"
          fill-rule="evenodd"
        />
      </svg>
    </div>
  </label>
</div>
`;
