// Jest Snapshot v1, https://goo.gl/fbAQLP

exports[`IconButton should render the IconButton 1`] = `
<StyledComponent
  forwardedComponent={
    Object {
      "$$typeof": Symbol(react.forward_ref),
      "attrs": Array [],
      "componentStyle": ComponentStyle {
        "componentId": "sc-bwzfXH",
        "isStatic": false,
        "rules": Array [
          "
  display: inline-flex;
  align-items: center;
  text-decoration: none;
  border: none;
  cursor: pointer;
  font-size: 16px;
  font-weight: normal;
  padding: 0 10px 0 10px;
  ",
          [Function],
          "
  ",
          "transition: color 0.1s ease-in-out, background-color 0.1s ease-in-out;",
          ";

  ",
          [Function],
          "

  ",
          "transition: color 0.1s ease-in-out, background-color 0.1s ease-in-out;",
          ";
  background: ",
          [Function],
          ";

  &:hover {
    background: ",
          [Function],
          ";
  }

  ",
          "
  &:after {
    content: '';
    display: block;
    min-height: inherit;
    font-size: 0;
  }
",
          "
",
          "
  padding: 5px;
  width: 30px;
  height: 30px;
",
        ],
      },
      "displayName": "Styled(styled.button)",
      "foldedComponentIds": Array [
        "sc-bdVaJa",
      ],
      "render": [Function],
      "styledComponentId": "sc-bwzfXH",
      "target": "button",
      "toString": [Function],
      "warnTooManyClasses": [Function],
      "withComponent": [Function],
    }
  }
  forwardedRef={null}
  onClick={[MockFunction]}
  square={true}
>
  <Icon>
    icon-content
  </Icon>
</StyledComponent>
`;
