// Jest Snapshot v1, https://goo.gl/fbAQLP

exports[`Styled components should render buttons 1`] = `
.c1 {
  border: none;
  color: #fff;
  min-height: 38px;
  cursor: pointer;
  font-size: 1em;
  line-height: 1em;
  background: #004699;
  background-size: 100% 50%;
  background-repeat: no-repeat;
  padding: 0 10px 0 10px;
  -webkit-transition: color 0.1s ease-in-out,background-color 0.1s ease-in-out;
  transition: color 0.1s ease-in-out,background-color 0.1s ease-in-out;
}

.c1:hover {
  background: #00387a;
  background-size: 100% 50%;
  background-repeat: no-repeat;
}

.c2 {
  border: none;
  color: #fff;
  min-height: 38px;
  cursor: pointer;
  font-size: 1em;
  line-height: 1em;
  background: #ec0000;
  background-size: 100% 50%;
  background-repeat: no-repeat;
  padding: 0 10px 0 10px;
  -webkit-transition: color 0.1s ease-in-out,background-color 0.1s ease-in-out;
  transition: color 0.1s ease-in-out,background-color 0.1s ease-in-out;
}

.c2:hover {
  background: #bc0000;
  background-size: 100% 50%;
  background-repeat: no-repeat;
}

.c0 {
  display: -webkit-box;
  display: -webkit-flex;
  display: -ms-flexbox;
  display: flex;
  padding: 5px;
}

.c0 > * {
  margin-right: 5px;
}

<ASCDefaultThemeProvider>
  <ThemeProvider
    theme={
      Object {
        "ascTheme": Object {
          "colors": Object {
            "bright": Object {
              "main": "#ffffff",
            },
            "error": Object {
              "main": "#ec0000",
            },
            "primary": Object {
              "dark": "#00387a",
              "main": "#004699",
            },
            "secondary": Object {
              "dark": "#bc0000",
              "main": "#ec0000",
            },
          },
          "globalStyle": "",
          "typography": Object {
            "primary": "AvenirNextLTW01-Regular, verdana, sans-serif",
            "secondary": "AvenirNextLTW01-Regular, verdana, sans-serif",
          },
        },
      }
    }
  >
    <styled.div>
      <StyledComponent
        forwardedComponent={
          Object {
            "$$typeof": Symbol(react.forward_ref),
            "attrs": Array [],
            "componentStyle": ComponentStyle {
              "componentId": "sc-htpNat",
              "isStatic": true,
              "lastClassName": "c0",
              "rules": Array [
                "
  display: flex;
  padding: 5px;

  & > * {
    margin-right: 5px;
  }
",
              ],
            },
            "displayName": "styled.div",
            "foldedComponentIds": Array [],
            "render": [Function],
            "styledComponentId": "sc-htpNat",
            "target": "div",
            "toString": [Function],
            "warnTooManyClasses": [Function],
            "withComponent": [Function],
          }
        }
        forwardedRef={null}
      >
        <div
          className="c0"
        >
          <Button
            color="primary"
          >
            <styled.button
              color="primary"
            >
              <StyledComponent
                color="primary"
                forwardedComponent={
                  Object {
                    "$$typeof": Symbol(react.forward_ref),
                    "attrs": Array [],
                    "componentStyle": ComponentStyle {
                      "componentId": "sc-bdVaJa",
                      "isStatic": false,
                      "lastClassName": "c2",
                      "rules": Array [
                        "
  border: none;
  color: ",
                        [Function],
                        ";
  min-height: 38px;
  cursor: pointer;
  font-size: 1em;
  line-height: 1em;
  background: ",
                        [Function],
                        ";
  background-size: 100% 50%;
  background-repeat: no-repeat;
  padding: 0 10px 0 10px;
  ",
                        [Function],
                        "
  ",
                        "transition: color 0.1s ease-in-out, background-color 0.1s ease-in-out;",
                        ";

  &:hover {
    background: ",
                        [Function],
                        ";
    background-size: 100% 50%;
    background-repeat: no-repeat;
  }
",
                      ],
                    },
                    "displayName": "styled.button",
                    "foldedComponentIds": Array [],
                    "render": [Function],
                    "styledComponentId": "sc-bdVaJa",
                    "target": "button",
                    "toString": [Function],
                    "warnTooManyClasses": [Function],
                    "withComponent": [Function],
                  }
                }
                forwardedRef={null}
              >
                <button
                  className="c1"
                  color="primary"
                >
                  Hello
                </button>
              </StyledComponent>
            </styled.button>
          </Button>
          <Button
            color="secondary"
          >
            <styled.button
              color="secondary"
            >
              <StyledComponent
                color="secondary"
                forwardedComponent={
                  Object {
                    "$$typeof": Symbol(react.forward_ref),
                    "attrs": Array [],
                    "componentStyle": ComponentStyle {
                      "componentId": "sc-bdVaJa",
                      "isStatic": false,
                      "lastClassName": "c2",
                      "rules": Array [
                        "
  border: none;
  color: ",
                        [Function],
                        ";
  min-height: 38px;
  cursor: pointer;
  font-size: 1em;
  line-height: 1em;
  background: ",
                        [Function],
                        ";
  background-size: 100% 50%;
  background-repeat: no-repeat;
  padding: 0 10px 0 10px;
  ",
                        [Function],
                        "
  ",
                        "transition: color 0.1s ease-in-out, background-color 0.1s ease-in-out;",
                        ";

  &:hover {
    background: ",
                        [Function],
                        ";
    background-size: 100% 50%;
    background-repeat: no-repeat;
  }
",
                      ],
                    },
                    "displayName": "styled.button",
                    "foldedComponentIds": Array [],
                    "render": [Function],
                    "styledComponentId": "sc-bdVaJa",
                    "target": "button",
                    "toString": [Function],
                    "warnTooManyClasses": [Function],
                    "withComponent": [Function],
                  }
                }
                forwardedRef={null}
              >
                <button
                  className="c2"
                  color="secondary"
                >
                  World
                </button>
              </StyledComponent>
            </styled.button>
          </Button>
        </div>
      </StyledComponent>
    </styled.div>
  </ThemeProvider>
</ASCDefaultThemeProvider>
`;
