// Jest Snapshot v1, https://goo.gl/fbAQLP

exports[`ImageCard should render 1`] = `
.c3 {
  margin: 0;
  color: #000000;
  font-weight: 700;
  font-size: 20px;
  -webkit-letter-spacing: inherit;
  -moz-letter-spacing: inherit;
  -ms-letter-spacing: inherit;
  letter-spacing: inherit;
  line-height: 28px;
  margin-bottom: 8px;
  font-stretch: normal;
  -webkit-letter-spacing: normal;
  -moz-letter-spacing: normal;
  -ms-letter-spacing: normal;
  letter-spacing: normal;
}

.c2 {
  margin-top: 0;
  display: -webkit-box;
  display: -webkit-flex;
  display: -ms-flexbox;
  display: flex;
  -webkit-flex-direction: row;
  -ms-flex-direction: row;
  flex-direction: row;
  -webkit-align-items: center;
  -webkit-box-align: center;
  -ms-flex-align: center;
  align-items: center;
  -webkit-box-pack: justify;
  -webkit-justify-content: space-between;
  -ms-flex-pack: justify;
  justify-content: space-between;
}

.c1 {
  padding: 8px 14px;
  background-color: #ffffff;
  position: absolute;
  bottom: 56px;
  left: 0;
  max-width: calc(100% - 44px);
  word-break: break-word;
}

.c0 {
  padding-top: 100%;
  background-size: cover;
  background-repeat: no-repeat;
  position: relative;
  width: 100%;
  overflow: hidden;
  background-image: url(https://www.example.com);
}

.c0::before {
  content: '';
  width: 0;
  height: 0;
  border-width: 22px;
  border-color: transparent;
  position: absolute;
  border-style: solid;
  right: 0;
  bottom: 0;
  border-bottom-color: white;
  border-right-color: white;
}

@media screen and (min-width:1024px) {
  .c3 {
    font-size: 24px;
    line-height: 30px;
  }
}

@media screen and (min-width:768px) {
  .c1 {
    padding: 16px;
  }
}

<div
  class=""
>
  <div
    class="c0"
  >
    <div
      class="c1"
    >
      <h4
        class="c2 c3"
      >
        Jeugdwerkloosheid Amsterdam daalt naar 6,2%
      </h4>
    </div>
  </div>
</div>
`;
