// Jest Snapshot v1, https://goo.gl/fbAQLP

exports[`<TextField /> should render 1`] = `
.c1 {
  -webkit-appearance: none;
  -moz-appearance: none;
  appearance: none;
  box-shadow: inset 0 0 0 1px;
  font-size: 1rem;
  border: 0;
  border-radius: 0;
  box-sizing: border-box;
  padding: 11px 10px;
  width: 100%;
}

.c0 {
  margin-bottom: 5px;
  color: black;
}

<ASCDefaultThemeProvider>
  <ThemeProvider
    theme={
      Object {
        "ascTheme": Object {
          "colors": Object {
            "bright": Object {
              "main": "#ffffff",
            },
            "error": Object {
              "main": "#ec0000",
            },
            "primary": Object {
              "dark": "#00387a",
              "main": "#004699",
            },
            "secondary": Object {
              "dark": "#bc0000",
              "main": "#ec0000",
            },
            "tint": Object {
              "level1": "#ffffff",
              "level2": "#fafafa",
              "level3": "#f6f6f6",
              "level4": "#eeeeee",
              "level5": "#cccccc",
              "level6": "#999999",
              "level7": "#666666",
              "level8": "#000000",
            },
          },
          "globalStyle": "",
          "typography": Object {
            "primary": "AvenirNextLTW01-Regular, verdana, sans-serif",
            "secondary": "AvenirNextLTW01-Regular, verdana, sans-serif",
          },
        },
      }
    }
  >
    <TextField>
      <div>
        <styled.label
          error={false}
        >
          <StyledComponent
            error={false}
            forwardedComponent={
              Object {
                "$$typeof": Symbol(react.forward_ref),
                "attrs": Array [
                  Object {
                    "type": "text",
                  },
                ],
                "componentStyle": ComponentStyle {
                  "componentId": "sc-htpNat",
                  "isStatic": false,
                  "lastClassName": "c0",
                  "rules": Array [
                    "
  margin-bottom: 5px;
  color: ",
                    [Function],
                    ";
",
                  ],
                },
                "displayName": "styled.label",
                "foldedComponentIds": Array [],
                "render": [Function],
                "styledComponentId": "sc-htpNat",
                "target": "label",
                "toString": [Function],
                "warnTooManyClasses": [Function],
                "withComponent": [Function],
              }
            }
            forwardedRef={null}
          >
            <label
              className="c0"
              type="text"
            >
              Label!
            </label>
          </StyledComponent>
        </styled.label>
        <styled.input>
          <StyledComponent
            forwardedComponent={
              Object {
                "$$typeof": Symbol(react.forward_ref),
                "attrs": Array [
                  Object {
                    "type": "text",
                  },
                ],
                "componentStyle": ComponentStyle {
                  "componentId": "sc-bdVaJa",
                  "isStatic": true,
                  "lastClassName": "c1",
                  "rules": Array [
                    "
  appearance: none;
  box-shadow: inset 0 0 0 1px;
  font-size: 1rem;
  border: 0;
  border-radius: 0;
  box-sizing: border-box;
  padding: 11px 10px;
  width: 100%;
",
                  ],
                },
                "displayName": "styled.input",
                "foldedComponentIds": Array [],
                "render": [Function],
                "styledComponentId": "sc-bdVaJa",
                "target": "input",
                "toString": [Function],
                "warnTooManyClasses": [Function],
                "withComponent": [Function],
              }
            }
            forwardedRef={null}
          >
            <input
              className="c1"
              type="text"
            />
          </StyledComponent>
        </styled.input>
      </div>
    </TextField>
  </ThemeProvider>
</ASCDefaultThemeProvider>
`;
