// Jest Snapshot v1, https://goo.gl/fbAQLP

exports[`ShareBar should render the share bar 1`] = `
.c2 {
  display: block;
  width: 20px;
  height: 20px;
  padding: undefinedpx;
  box-sizing: content-box;
  -webkit-transform: rotate(0deg);
  -ms-transform: rotate(0deg);
  transform: rotate(0deg);
}

.c2 > svg {
  width: inherit;
  height: inherit;
}

.c2 > svg rect,
.c2 > svg polygon,
.c2 > svg path {
  fill: #fff;
}

.c0 {
  display: -webkit-box;
  display: -webkit-flex;
  display: -ms-flexbox;
  display: flex;
  padding: 0px;
}

.c0 > * {
  margin-right: 5px;
}

.c1 {
  display: -webkit-inline-box;
  display: -webkit-inline-flex;
  display: -ms-inline-flexbox;
  display: inline-flex;
  -webkit-align-items: center;
  -webkit-box-align: center;
  -ms-flex-align: center;
  align-items: center;
  -webkit-text-decoration: none;
  text-decoration: none;
  border: none;
  cursor: pointer;
  font-size: 16px;
  font-weight: normal;
  padding: 0 10px 0 10px;
  -webkit-transition: color 0.1s ease-in-out,background-color 0.1s ease-in-out;
  transition: color 0.1s ease-in-out,background-color 0.1s ease-in-out;
  background: #ffffff;
  padding: 5px;
  width: 30px;
  height: 30px;
  padding: 0px;
  position: relative;
  -webkit-box-pack: center;
  -webkit-justify-content: center;
  -ms-flex-pack: center;
  justify-content: center;
  background: #767676;
}

.c1:focus {
  outline-color: #FEC813;
  outline-style: solid;
  outline-width: medium;
}

.c1:hover {
  background: #E6E6E6;
}

.c1:after {
  content: '';
  display: block;
  min-height: inherit;
  font-size: 0;
}

.c1:focus,
.c1:hover {
  background: #ec0000;
}

<div
  class="c0"
>
  <button
    class="c1"
  >
    <span
      class="c2"
      color="secondary"
    >
      One
    </span>
  </button>
  <button
    class="c1"
  >
    <span
      class="c2"
      color="secondary"
    >
      Two
    </span>
  </button>
</div>
`;
