// Jest Snapshot v1, https://goo.gl/fbAQLP

exports[`TopBar should render 1`] = `
<StyledComponent
  backgroundColor="red"
  forwardedComponent={
    Object {
      "$$typeof": Symbol(react.forward_ref),
      "attrs": Array [],
      "componentStyle": ComponentStyle {
        "componentId": "sc-bdVaJa",
        "isStatic": false,
        "rules": Array [
          "
  display: flex;
  position: relative;
  align-items: center;
  z-index: 0;
  min-height: 54px;
  padding: 0 15px;
  background-color: ",
          [Function],
          ";
  ",
          "
  &:after {
    content: '';
    display: block;
    min-height: inherit;
    font-size: 0;
  }
",
          ";
",
        ],
      },
      "displayName": "styled.header",
      "foldedComponentIds": Array [],
      "render": [Function],
      "styledComponentId": "sc-bdVaJa",
      "target": "header",
      "toString": [Function],
      "warnTooManyClasses": [Function],
      "withComponent": [Function],
    }
  }
  forwardedRef={null}
>
  topbar-content
</StyledComponent>
`;
