// Jest Snapshot v1, https://goo.gl/fbAQLP

exports[`Article should render 1`] = `
.c1 {
  width: 100%;
  color: #323232;
  background-color: #ffffff;
  margin-top: 20px;
  margin-bottom: 20px;
}

.c1 .c2 {
  max-height: 560px;
  min-height: 250px;
}

@media screen and (min-width:768.02px) {
  .c1 {
    margin-top: 54px;
    margin-bottom: 70px;
  }
}

@media screen and (min-width:768.02px) {
  .c0 .sc-bxivhb {
    margin-top: 0;
  }
}

<section
  class="c0 c1"
>
  This is the publication content
</section>
`;
