// Jest Snapshot v1, https://goo.gl/fbAQLP

exports[`ContextMenu should render 1`] = `
<styled.div
  onBlur={[Function]}
  onKeyDown={[Function]}
>
  <ContextMenuButton
    arrowIcon={<ReactComponent />}
    label="Click on me"
    onClick={[Function]}
    open={false}
  />
  <ForwardRef
    onClose={[Function]}
    open={false}
    selectedChild={-1}
  >
    <ContextMenuItem>
      One
    </ContextMenuItem>
    <ContextMenuItem>
      Two
    </ContextMenuItem>
    <ContextMenuItem>
      Three
    </ContextMenuItem>
  </ForwardRef>
</styled.div>
`;
