// Jest Snapshot v1, https://goo.gl/fbAQLP

exports[`TopBar should render 1`] = `
.c0 {
  margin: 0;
  padding: 0;
}

<div
  class="c0"
>
  tcontent
</div>
`;
