// Jest Snapshot v1, https://goo.gl/fbAQLP

exports[`Blockquote should render 1`] = `
.c0 {
  margin: 0;
  color: #000000;
  font-weight: 400;
  font-size: 16px;
  -webkit-letter-spacing: inherit;
  -moz-letter-spacing: inherit;
  -ms-letter-spacing: inherit;
  letter-spacing: inherit;
  line-height: 22px;
  margin-bottom: 20px;
  font-stretch: normal;
  -webkit-letter-spacing: normal;
  -moz-letter-spacing: normal;
  -ms-letter-spacing: normal;
  letter-spacing: normal;
  margin-bottom: 20px;
  padding: 4px 16px;
  border-left: 2px solid #B4B4B4;
  font-style: italic;
}

.c0 p {
  margin-bottom: 0;
}

@media screen and (min-width:540px) {
  .c0 {
    margin-bottom: 24px;
  }
}

@media screen and (min-width:1024px) {
  .c0 {
    font-size: 18px;
    line-height: 25px;
  }
}

<p
  class="c0"
>
  Foo
</p>
`;
