// Jest Snapshot v1, https://goo.gl/fbAQLP

exports[`Paragraph should render 1`] = `
.c0 {
  margin: 0;
  font-weight: 400;
  font-size: 16px;
  -webkit-letter-spacing: inherit;
  -moz-letter-spacing: inherit;
  -ms-letter-spacing: inherit;
  letter-spacing: inherit;
  line-height: 22px;
  margin-bottom: 20px;
  font-stretch: normal;
  -webkit-letter-spacing: normal;
  -moz-letter-spacing: normal;
  -ms-letter-spacing: normal;
  letter-spacing: normal;
  margin-top: 0;
  color: inherit;
}

@media screen and (min-width:540.02px) {
  .c0 {
    margin-bottom: 24px;
  }
}

<p
  class="c0"
>
  Foo
</p>
`;
