// Jest Snapshot v1, https://goo.gl/fbAQLP

exports[`Typography should render the typography types 1`] = `
Array [
  .c0 {
  margin-top: 0;
  margin-right: 0;
  margin-bottom: 0;
  margin-left: 0;
  color: #000000;
  font-weight: 700;
  font-size: 24px;
  -webkit-letter-spacing: inherit;
  -moz-letter-spacing: inherit;
  -ms-letter-spacing: inherit;
  letter-spacing: inherit;
  line-height: 30px;
  margin-bottom: 0;
  font-stretch: normal;
  -webkit-letter-spacing: normal;
  -moz-letter-spacing: normal;
  -ms-letter-spacing: normal;
  letter-spacing: normal;
}

@media screen and (min-width:540.02px) {
  .c0 {
    font-size: 30px;
    line-height: 38px;
  }
}

<h1
    class="c0"
  >
    Heading one
  </h1>,
  .c0 {
  margin-top: 0;
  margin-right: 0;
  margin-bottom: 0;
  margin-left: 0;
  color: #000000;
  font-weight: 700;
  font-size: 20px;
  -webkit-letter-spacing: inherit;
  -moz-letter-spacing: inherit;
  -ms-letter-spacing: inherit;
  letter-spacing: inherit;
  line-height: 28px;
  margin-bottom: 0;
  font-stretch: normal;
  -webkit-letter-spacing: normal;
  -moz-letter-spacing: normal;
  -ms-letter-spacing: normal;
  letter-spacing: normal;
}

@media screen and (min-width:540.02px) {
  .c0 {
    font-size: 24px;
    line-height: 30px;
  }
}

<h2
    class="c0"
  >
    Heading two
  </h2>,
  .c0 {
  margin-top: 0;
  margin-right: 0;
  margin-bottom: 0;
  margin-left: 0;
  color: #000000;
  font-weight: 700;
  font-size: 20px;
  -webkit-letter-spacing: inherit;
  -moz-letter-spacing: inherit;
  -ms-letter-spacing: inherit;
  letter-spacing: inherit;
  line-height: 28px;
  margin-bottom: 0;
  font-stretch: normal;
  -webkit-letter-spacing: normal;
  -moz-letter-spacing: normal;
  -ms-letter-spacing: normal;
  letter-spacing: normal;
}

<h3
    class="c0"
  >
    Heading three
  </h3>,
  .c0 {
  margin-top: 0;
  margin-right: 0;
  margin-bottom: 0;
  margin-left: 0;
  color: #000000;
  font-weight: 700;
  font-size: 18px;
  -webkit-letter-spacing: inherit;
  -moz-letter-spacing: inherit;
  -ms-letter-spacing: inherit;
  letter-spacing: inherit;
  line-height: 25px;
  margin-bottom: 8px;
  font-stretch: normal;
  -webkit-letter-spacing: normal;
  -moz-letter-spacing: normal;
  -ms-letter-spacing: normal;
  letter-spacing: normal;
}

<h4
    class="c0"
  >
    Heading four
  </h4>,
  .c0 {
  margin-top: 0;
  margin-right: 0;
  margin-bottom: 0;
  margin-left: 0;
  color: #000000;
  font-weight: 400;
  font-size: 18px;
  -webkit-letter-spacing: inherit;
  -moz-letter-spacing: inherit;
  -ms-letter-spacing: inherit;
  letter-spacing: inherit;
  line-height: 1;
  margin-bottom: 0;
  font-stretch: normal;
  -webkit-letter-spacing: normal;
  -moz-letter-spacing: normal;
  -ms-letter-spacing: normal;
  letter-spacing: normal;
}

<h5
    class="c0"
  >
    Heading five
  </h5>,
  .c0 {
  margin-top: 0;
  margin-right: 0;
  margin-bottom: 0;
  margin-left: 0;
  color: #000000;
  font-weight: 400;
  font-size: 18px;
  -webkit-letter-spacing: inherit;
  -moz-letter-spacing: inherit;
  -ms-letter-spacing: inherit;
  letter-spacing: inherit;
  line-height: 1;
  margin-bottom: 0;
  font-stretch: normal;
  -webkit-letter-spacing: normal;
  -moz-letter-spacing: normal;
  -ms-letter-spacing: normal;
  letter-spacing: normal;
}

<h6
    class="c0"
  >
    Heading six
  </h6>,
  .c0 {
  margin-top: 0;
  margin-right: 0;
  margin-bottom: 0;
  margin-left: 0;
  color: #000000;
  font-weight: inherit;
  font-size: 1rem;
  -webkit-letter-spacing: inherit;
  -moz-letter-spacing: inherit;
  -ms-letter-spacing: inherit;
  letter-spacing: inherit;
  line-height: 1.25;
  margin-bottom: 0;
  font-stretch: normal;
  -webkit-letter-spacing: normal;
  -moz-letter-spacing: normal;
  -ms-letter-spacing: normal;
  letter-spacing: normal;
}

<a
    class="c0"
    href="/"
  >
    I am a link!
  </a>,
  .c1 {
  margin-top: 0;
  margin-right: 0;
  margin-bottom: 0;
  margin-left: 0;
  color: #000000;
  font-weight: inherit;
  font-size: 1rem;
  -webkit-letter-spacing: inherit;
  -moz-letter-spacing: inherit;
  -ms-letter-spacing: inherit;
  letter-spacing: inherit;
  line-height: 1.25;
  margin-bottom: 0;
  font-stretch: normal;
  -webkit-letter-spacing: normal;
  -moz-letter-spacing: normal;
  -ms-letter-spacing: normal;
  letter-spacing: normal;
}

.c0 {
  margin-top: 0;
  margin-right: 0;
  margin-bottom: 0;
  margin-left: 0;
  color: #000000;
  font-weight: 400;
  font-size: 16px;
  -webkit-letter-spacing: inherit;
  -moz-letter-spacing: inherit;
  -ms-letter-spacing: inherit;
  letter-spacing: inherit;
  line-height: 22px;
  margin-bottom: 20px;
  font-stretch: normal;
  -webkit-letter-spacing: normal;
  -moz-letter-spacing: normal;
  -ms-letter-spacing: normal;
  letter-spacing: normal;
}

@media screen and (min-width:540.02px) {
  .c0 {
    margin-bottom: 24px;
  }
}

<p
    class="c0"
  >
    Lorem ipsum dolor sit amet, consectetur adipisicing elit. Ab dolor dolorem esse illum magni 
    <a
      class="c1"
      href="/"
    >
      I am a link!
    </a>
      optio porro qui ratione vitae?
  </p>,
]
`;
